
> synkup_tenant_website@0.1.0 build
> next build

▲ Next.js 16.2.9 (Turbopack)
- Environments: .env.local

  Creating an optimized production build ...
✓ Compiled successfully in 76s
  Running TypeScript ...
  Finished TypeScript in 68s ...
  Collecting page data using 3 workers ...
  Generating static pages using 3 workers (0/28) ...
  Generating static pages using 3 workers (7/28) 
  Generating static pages using 3 workers (14/28) 
  Generating static pages using 3 workers (21/28) 
✓ Generating static pages using 3 workers (28/28) in 4.7s
  Finalizing page optimization ...
